当前分离模型: spex_plus
GPU 显存检查失败 (跳过): 'gbk' codec can't encode character '\u2705' in position 30: illegal multibyte sequence
============================================================
正在加载流水线模型...
============================================================
[Device] 推理设备: cuda:0 | CUDA 可用: True | GPU: NVIDIA GeForce RTX 5060 Laptop GPU

[1/4] 加载声纹提取模型...
[Ensemble] 加载三模型 (CAM++ + ERes2NetV2 + ResNetSE)...
[CAM++] 模型加载成功 (threshold=0.31)
[CAM++] 已加载微调权重: D:\pycode\V17.1\runs/camplus_v8_full/camplus_finetuned_best.pt
[ERes2NetV2] 模型加载成功 (threshold=0.36)
[ERes2NetV2] 已加载微调权重: D:\pycode\V17.1\finetuned_models/sv_aug_best_state.pt
[ResNetSE] 模型加载成功 (dim=256)
[Ensemble] 三模型加载完成, 权重=(0.4, 0.35, 0.25), 阈值=-0.22

[2/4] 加载降噪模型...
[DeepFilterNet3] 模型加载成功 (atten_lim_db=4, post_filter=False)

[3/4] 加载人声分离模型...
  当前分离模型: spex_plus
[SpEx+] 模型加载成功 (16kHz, epoch=10, SHA256=e2d9a79fbc7c...)

[kws] 加载 kws 盲分离模型 (SepFormer16k)...
[SepFormer-16k] 从本地目录加载: D:\pycode\V17.1\pretrained\sepformer16k
[SepFormer-16k] 模型加载成功 (16kHz原生, 无需降采样)

[4/4] 加载语音识别模型...
Notice: ffmpeg is not installed. torchaudio is used to load audio
If you want to use ffmpeg backend to load audio, please install it by:
	sudo apt install ffmpeg # ubuntu
	# brew install ffmpeg # mac
funasr version: 1.4.2.
[Fun-ASR-Nano] 模型加载成功 (FunAudioLLM/Fun-ASR-Nano-2512)
funasr version: 1.4.2.
Check update of funasr, and it would cost few times. You may disable it by set `disable_update=True` in AutoModel
New version is available: 1.4.4.
Please use the command "pip install -U funasr" to upgrade.
[Paraformer] 模型加载成功

============================================================
所有模型加载完成!
分离策略: V4.1 自适应分离 + 声纹辅助选轨 + 双阈值鉴别
  正常阈值: 0.32, 分离后阈值: 0.4
  分离触发范围: sim_denoised ∈ [0.0, 0.32)
  相似度跳变上限: 0.25 (分离后sim跳变超过此值不信任)
  仅当降噪音频声纹相似度不足时分离, 分离后声纹选轨+高阈值鉴别
============================================================

============================================================
数据集批量推理模式 (split=all)
  数据根目录: C:/Users/Lenovo/Desktop/datasetA/datasetA
============================================================

[Ensemble] 共 1838 条样本

[Phase 1] 降噪 + 三模型声纹提取...
  [50/1838] (2.7%) 已用 66.4s
  [100/1838] (5.4%) 已用 135.8s
  [150/1838] (8.2%) 已用 207.1s
  [200/1838] (10.9%) 已用 252.5s
  [250/1838] (13.6%) 已用 306.8s
  [300/1838] (16.3%) 已用 357.7s
  [350/1838] (19.0%) 已用 410.5s
  [400/1838] (21.8%) 已用 471.6s
  [450/1838] (24.5%) 已用 544.4s
  [500/1838] (27.2%) 已用 608.7s
  [550/1838] (29.9%) 已用 670.5s
  [600/1838] (32.6%) 已用 733.4s
  [650/1838] (35.4%) 已用 803.0s
  [700/1838] (38.1%) 已用 851.4s
  [750/1838] (40.8%) 已用 916.6s
  [800/1838] (43.5%) 已用 983.7s
  [850/1838] (46.2%) 已用 1044.5s
  [900/1838] (49.0%) 已用 1106.1s
  [950/1838] (51.7%) 已用 1168.7s
  [1000/1838] (54.4%) 已用 1228.7s
  [1050/1838] (57.1%) 已用 1293.3s
  [1100/1838] (59.8%) 已用 1360.4s
  [1150/1838] (62.6%) 已用 1423.1s
  [1200/1838] (65.3%) 已用 1492.4s
  [1250/1838] (68.0%) 已用 1546.3s
  [1300/1838] (70.7%) 已用 1607.2s
  [1350/1838] (73.4%) 已用 1667.1s
  [分离回退] id=1000: 分离未提升sim(降噪0.248), 用降噪音频
  [分离回退] id=1002: 分离未提升sim(降噪0.274), 用降噪音频
  [分离回退] id=1005: 分离未提升sim(降噪0.208), 用降噪音频
  [分离回退] id=1007: 分离未提升sim(降噪0.308), 用降噪音频
  [分离回退] id=1008: 分离未提升sim(降噪0.248), 用降噪音频
  [分离回退] id=1014: 分离未提升sim(降噪0.210), 用降噪音频
  [分离回退] id=1015: 分离未提升sim(降噪0.299), 用降噪音频
  [分离回退] id=1016: 分离未提升sim(降噪0.293), 用降噪音频
  [分离回退] id=1026: 分离未提升sim(降噪0.295), 用降噪音频
  [分离回退] id=1033: 分离未提升sim(降噪0.280), 用降噪音频
  [分离回退] id=1034: 分离未提升sim(降噪0.217), 用降噪音频
  [1400/1838] (76.2%) 已用 1725.4s
  [分离回退] id=1039: 分离未提升sim(降噪0.150), 用降噪音频
  [分离回退] id=1042: 分离未提升sim(降噪0.183), 用降噪音频
  [分离回退] id=1048: 分离未提升sim(降噪0.224), 用降噪音频
  [分离回退] id=1051: 分离未提升sim(降噪0.316), 用降噪音频
  [分离回退] id=1055: 分离未提升sim(降噪0.208), 用降噪音频
  [分离回退] id=1056: 分离未提升sim(降噪0.271), 用降噪音频
  [分离回退] id=1057: 分离未提升sim(降噪0.258), 用降噪音频
  [分离回退] id=1061: 分离未提升sim(降噪0.279), 用降噪音频
  [分离回退] id=1065: 分离未提升sim(降噪0.246), 用降噪音频
  [分离回退] id=1069: 分离未提升sim(降噪0.285), 用降噪音频
  [分离回退] id=1073: 分离未提升sim(降噪0.254), 用降噪音频
  [分离回退] id=1074: 分离未提升sim(降噪0.235), 用降噪音频
  [分离回退] id=1077: 分离未提升sim(降噪0.315), 用降噪音频
  [分离回退] id=1079: 分离未提升sim(降噪0.317), 用降噪音频
  [分离回退] id=1080: 分离未提升sim(降噪0.191), 用降噪音频
  [分离回退] id=1083: 分离未提升sim(降噪0.257), 用降噪音频
  [分离回退] id=1084: 分离未提升sim(降噪0.113), 用降噪音频
  [1450/1838] (78.9%) 已用 1789.0s
  [分离回退] id=5005: 分离未提升sim(降噪0.310), 用降噪音频
  [分离回退] id=5006: 分离未提升sim(降噪0.147), 用降噪音频
  [分离回退] id=5009: 分离未提升sim(降噪0.244), 用降噪音频
  [分离回退] id=5012: 分离未提升sim(降噪0.200), 用降噪音频
  [分离回退] id=5013: 分离未提升sim(降噪0.247), 用降噪音频
  [分离回退] id=5014: 分离未提升sim(降噪0.013), 用降噪音频
  [分离回退] id=5018: 分离未提升sim(降噪0.307), 用降噪音频
  [分离回退] id=5024: 分离未提升sim(降噪0.302), 用降噪音频
  [分离回退] id=5025: 分离未提升sim(降噪0.155), 用降噪音频
  [分离回退] id=5026: 分离未提升sim(降噪0.248), 用降噪音频
  [分离回退] id=5033: 分离未提升sim(降噪0.165), 用降噪音频
  [分离回退] id=5037: 分离未提升sim(降噪0.042), 用降噪音频
  [分离回退] id=5041: 分离未提升sim(降噪0.284), 用降噪音频
  [分离回退] id=5043: 分离未提升sim(降噪0.109), 用降噪音频
  [分离回退] id=5044: 分离未提升sim(降噪0.224), 用降噪音频
  [分离回退] id=5048: 分离未提升sim(降噪0.314), 用降噪音频
  [分离回退] id=5050: 分离未提升sim(降噪0.228), 用降噪音频
  [分离回退] id=5051: 分离未提升sim(降噪0.042), 用降噪音频
  [分离回退] id=5052: 分离未提升sim(降噪0.188), 用降噪音频
  [分离回退] id=5054: 分离未提升sim(降噪0.121), 用降噪音频
  [分离回退] id=5055: 分离未提升sim(降噪0.275), 用降噪音频
  [1500/1838] (81.6%) 已用 1863.7s
  [分离回退] id=5060: 分离未提升sim(降噪0.172), 用降噪音频
  [分离回退] id=5061: 分离未提升sim(降噪0.121), 用降噪音频
  [分离回退] id=5064: 分离未提升sim(降噪0.179), 用降噪音频
  [分离回退] id=5065: 分离未提升sim(降噪0.255), 用降噪音频
  [分离回退] id=5067: 分离未提升sim(降噪0.281), 用降噪音频
  [分离回退] id=5070: 分离未提升sim(降噪0.072), 用降噪音频
  [分离回退] id=5071: 分离未提升sim(降噪0.030), 用降噪音频
  [分离回退] id=5072: 分离未提升sim(降噪0.248), 用降噪音频
  [分离回退] id=5074: 分离未提升sim(降噪0.298), 用降噪音频
  [分离回退] id=5078: 分离未提升sim(降噪0.276), 用降噪音频
  [分离回退] id=5083: 分离未提升sim(降噪0.029), 用降噪音频
  [分离回退] id=5085: 分离未提升sim(降噪0.312), 用降噪音频
  [分离回退] id=5086: 分离未提升sim(降噪0.037), 用降噪音频
  [分离回退] id=5087: 分离未提升sim(降噪0.247), 用降噪音频
  [分离回退] id=5088: 分离未提升sim(降噪0.292), 用降噪音频
  [分离回退] id=5090: 分离未提升sim(降噪0.204), 用降噪音频
  [分离回退] id=5091: 分离未提升sim(降噪0.010), 用降噪音频
  [分离回退] id=5092: 分离未提升sim(降噪0.290), 用降噪音频
  [分离回退] id=5093: 分离未提升sim(降噪0.157), 用降噪音频
  [分离回退] id=5094: 分离未提升sim(降噪0.306), 用降噪音频
  [分离回退] id=5095: 分离未提升sim(降噪0.189), 用降噪音频
  [分离回退] id=5096: 分离未提升sim(降噪0.230), 用降噪音频
  [分离回退] id=5097: 分离未提升sim(降噪0.278), 用降噪音频
  [分离回退] id=5098: 分离未提升sim(降噪0.316), 用降噪音频
  [分离回退] id=5101: 分离未提升sim(降噪0.222), 用降噪音频
  [分离回退] id=5104: 分离未提升sim(降噪0.305), 用降噪音频
  [分离回退] id=5106: 分离未提升sim(降噪0.263), 用降噪音频
  [分离回退] id=5110: 分离未提升sim(降噪0.008), 用降噪音频
  [分离回退] id=5112: 分离未提升sim(降噪0.036), 用降噪音频
  [分离回退] id=5113: 分离未提升sim(降噪0.316), 用降噪音频
  [分离回退] id=5114: 分离未提升sim(降噪0.223), 用降噪音频
  [1550/1838] (84.3%) 已用 1934.0s
  [分离回退] id=5115: 分离未提升sim(降噪0.164), 用降噪音频
  [分离回退] id=5116: 分离未提升sim(降噪0.233), 用降噪音频
  [分离回退] id=5118: 分离未提升sim(降噪0.263), 用降噪音频
  [分离回退] id=5120: 分离未提升sim(降噪0.278), 用降噪音频
  [分离回退] id=5123: 分离未提升sim(降噪0.309), 用降噪音频
  [分离回退] id=5124: 分离未提升sim(降噪0.122), 用降噪音频
  [分离回退] id=5125: 分离未提升sim(降噪0.303), 用降噪音频
  [分离回退] id=5126: 分离未提升sim(降噪0.052), 用降噪音频
  [分离回退] id=5127: 分离未提升sim(降噪0.064), 用降噪音频
  [分离回退] id=5131: 分离未提升sim(降噪0.170), 用降噪音频
  [分离回退] id=5132: 分离未提升sim(降噪0.160), 用降噪音频
  [分离回退] id=5137: 分离未提升sim(降噪0.215), 用降噪音频
  [分离回退] id=5139: 分离未提升sim(降噪0.135), 用降噪音频
  [分离回退] id=5141: 分离未提升sim(降噪0.039), 用降噪音频
  [分离回退] id=5142: 分离未提升sim(降噪0.153), 用降噪音频
  [分离回退] id=5143: 分离未提升sim(降噪0.079), 用降噪音频
  [分离回退] id=5144: 分离未提升sim(降噪0.248), 用降噪音频
  [分离回退] id=5146: 分离未提升sim(降噪0.270), 用降噪音频
  [分离回退] id=5148: 分离未提升sim(降噪0.229), 用降噪音频
  [分离回退] id=5151: 分离未提升sim(降噪0.255), 用降噪音频
  [分离回退] id=5152: 分离未提升sim(降噪0.238), 用降噪音频
  [分离回退] id=5159: 分离未提升sim(降噪0.178), 用降噪音频
  [分离回退] id=5163: 分离未提升sim(降噪0.309), 用降噪音频
  [分离回退] id=5164: 分离未提升sim(降噪0.187), 用降噪音频
  [分离回退] id=5165: 分离未提升sim(降噪0.299), 用降噪音频
  [分离回退] id=5166: 分离未提升sim(降噪0.308), 用降噪音频
  [1600/1838] (87.1%) 已用 2007.8s
  [分离回退] id=5167: 分离未提升sim(降噪0.113), 用降噪音频
  [分离回退] id=5168: 分离未提升sim(降噪0.090), 用降噪音频
  [分离回退] id=5169: 分离未提升sim(降噪0.263), 用降噪音频
  [分离回退] id=5170: 分离未提升sim(降噪0.123), 用降噪音频
  [分离回退] id=5171: 分离未提升sim(降噪0.190), 用降噪音频
  [分离回退] id=5172: 分离未提升sim(降噪0.150), 用降噪音频
  [分离回退] id=5174: 分离未提升sim(降噪0.112), 用降噪音频
  [分离回退] id=5176: 分离未提升sim(降噪0.083), 用降噪音频
  [分离回退] id=5180: 分离未提升sim(降噪0.141), 用降噪音频
  [分离回退] id=5185: 分离未提升sim(降噪0.287), 用降噪音频
  [分离回退] id=5188: 分离未提升sim(降噪0.297), 用降噪音频
  [分离回退] id=5190: 分离未提升sim(降噪0.049), 用降噪音频
  [分离回退] id=5191: 分离未提升sim(降噪0.032), 用降噪音频
  [分离回退] id=5192: 分离未提升sim(降噪0.111), 用降噪音频
  [分离回退] id=5195: 分离未提升sim(降噪0.264), 用降噪音频
  [分离回退] id=5196: 分离未提升sim(降噪0.187), 用降噪音频
  [分离回退] id=5197: 分离未提升sim(降噪0.319), 用降噪音频
  [分离回退] id=5198: 分离未提升sim(降噪0.283), 用降噪音频
  [分离回退] id=5201: 分离未提升sim(降噪0.095), 用降噪音频
  [分离回退] id=5204: 分离未提升sim(降噪0.191), 用降噪音频
  [分离回退] id=5211: 分离未提升sim(降噪0.072), 用降噪音频
  [分离回退] id=5213: 分离未提升sim(降噪0.219), 用降噪音频
  [分离回退] id=5214: 分离未提升sim(降噪0.110), 用降噪音频
  [分离回退] id=5216: 分离未提升sim(降噪0.311), 用降噪音频
  [分离回退] id=5217: 分离未提升sim(降噪0.076), 用降噪音频
  [1650/1838] (89.8%) 已用 2076.9s
  [分离回退] id=5219: 分离未提升sim(降噪0.278), 用降噪音频
  [分离回退] id=5222: 分离未提升sim(降噪0.121), 用降噪音频
  [分离回退] id=5223: 分离未提升sim(降噪0.211), 用降噪音频
  [分离回退] id=5228: 分离未提升sim(降噪0.071), 用降噪音频
  [分离回退] id=5232: 分离未提升sim(降噪0.021), 用降噪音频
  [分离回退] id=5234: 分离未提升sim(降噪0.148), 用降噪音频
  [分离回退] id=5243: 分离未提升sim(降噪0.155), 用降噪音频
  [分离回退] id=5244: 分离未提升sim(降噪0.266), 用降噪音频
  [分离回退] id=5245: 分离未提升sim(降噪0.226), 用降噪音频
  [分离回退] id=5248: 分离未提升sim(降噪0.306), 用降噪音频
  [分离回退] id=5252: 分离未提升sim(降噪0.144), 用降噪音频
  [分离回退] id=5258: 分离未提升sim(降噪0.157), 用降噪音频
  [分离回退] id=5259: 分离未提升sim(降噪0.170), 用降噪音频
  [分离回退] id=5263: 分离未提升sim(降噪0.198), 用降噪音频
  [分离回退] id=5266: 分离未提升sim(降噪0.260), 用降噪音频
  [分离回退] id=5268: 分离未提升sim(降噪0.038), 用降噪音频
  [分离回退] id=5269: 分离未提升sim(降噪0.147), 用降噪音频
  [1700/1838] (92.5%) 已用 2152.3s
  [分离回退] id=5276: 分离未提升sim(降噪0.125), 用降噪音频
  [分离回退] id=5278: 分离未提升sim(降噪0.308), 用降噪音频
  [分离回退] id=5279: 分离未提升sim(降噪0.164), 用降噪音频
  [分离回退] id=5281: 分离未提升sim(降噪0.069), 用降噪音频
  [分离回退] id=5283: 分离未提升sim(降噪0.046), 用降噪音频
  [分离回退] id=5285: 分离未提升sim(降噪0.061), 用降噪音频
  [分离回退] id=5286: 分离未提升sim(降噪0.187), 用降噪音频
  [分离回退] id=5291: 分离未提升sim(降噪0.095), 用降噪音频
  [分离回退] id=5294: 分离未提升sim(降噪0.229), 用降噪音频
  [分离回退] id=5295: 分离未提升sim(降噪0.103), 用降噪音频
  [分离回退] id=5296: 分离未提升sim(降噪0.261), 用降噪音频
  [分离回退] id=5299: 分离未提升sim(降噪0.238), 用降噪音频
  [分离回退] id=5300: 分离未提升sim(降噪0.090), 用降噪音频
  [分离回退] id=5304: 分离未提升sim(降噪0.161), 用降噪音频
  [分离回退] id=5305: 分离未提升sim(降噪0.105), 用降噪音频
  [分离回退] id=5307: 分离未提升sim(降噪0.228), 用降噪音频
  [分离回退] id=5309: 分离未提升sim(降噪0.147), 用降噪音频
  [分离回退] id=5310: 分离未提升sim(降噪0.093), 用降噪音频
  [分离回退] id=5312: 分离未提升sim(降噪0.211), 用降噪音频
  [分离回退] id=5314: 分离未提升sim(降噪0.189), 用降噪音频
  [分离回退] id=5317: 分离未提升sim(降噪0.155), 用降噪音频
  [分离回退] id=5319: 分离未提升sim(降噪0.176), 用降噪音频
  [分离回退] id=5320: 分离未提升sim(降噪0.150), 用降噪音频
  [分离回退] id=5322: 分离未提升sim(降噪0.134), 用降噪音频
  [分离回退] id=5323: 分离未提升sim(降噪0.036), 用降噪音频
  [1750/1838] (95.2%) 已用 2225.0s
  [分离回退] id=5330: 分离未提升sim(降噪0.021), 用降噪音频
  [分离回退] id=5335: 分离未提升sim(降噪0.276), 用降噪音频
  [分离回退] id=5337: 分离未提升sim(降噪0.044), 用降噪音频
  [分离回退] id=5339: 分离未提升sim(降噪0.160), 用降噪音频
  [分离回退] id=5341: 分离未提升sim(降噪0.081), 用降噪音频
  [分离回退] id=5342: 分离未提升sim(降噪0.183), 用降噪音频
  [分离回退] id=5345: 分离未提升sim(降噪0.205), 用降噪音频
  [分离回退] id=5347: 分离未提升sim(降噪0.147), 用降噪音频
  [分离回退] id=5348: 分离未提升sim(降噪0.022), 用降噪音频
  [分离回退] id=5353: 分离未提升sim(降噪0.096), 用降噪音频
  [分离回退] id=5355: 分离未提升sim(降噪0.297), 用降噪音频
  [分离回退] id=5357: 分离未提升sim(降噪0.249), 用降噪音频
  [分离回退] id=5359: 分离未提升sim(降噪0.135), 用降噪音频
  [分离回退] id=5361: 分离未提升sim(降噪0.022), 用降噪音频
  [分离回退] id=5364: 分离未提升sim(降噪0.280), 用降噪音频
  [分离回退] id=5365: 分离未提升sim(降噪0.135), 用降噪音频
  [分离回退] id=5367: 分离未提升sim(降噪0.228), 用降噪音频
  [分离回退] id=5375: 分离未提升sim(降噪0.073), 用降噪音频
  [分离回退] id=5377: 分离未提升sim(降噪0.278), 用降噪音频
  [1800/1838] (97.9%) 已用 2297.8s
  [分离回退] id=5379: 分离未提升sim(降噪0.068), 用降噪音频
  [分离回退] id=5381: 分离未提升sim(降噪0.161), 用降噪音频
  [分离回退] id=5383: 分离未提升sim(降噪0.219), 用降噪音频
  [分离回退] id=5385: 分离未提升sim(降噪0.259), 用降噪音频
  [分离回退] id=5386: 分离未提升sim(降噪0.084), 用降噪音频
  [分离回退] id=5387: 分离未提升sim(降噪0.315), 用降噪音频
  [分离回退] id=5388: 分离未提升sim(降噪0.271), 用降噪音频
  [分离回退] id=5391: 分离未提升sim(降噪0.145), 用降噪音频
  [分离回退] id=5392: 分离未提升sim(降噪0.052), 用降噪音频
  [分离回退] id=5395: 分离未提升sim(降噪0.212), 用降噪音频
  [分离回退] id=5396: 分离未提升sim(降噪0.034), 用降噪音频
  [分离回退] id=5399: 分离未提升sim(降噪0.088), 用降噪音频
  [分离回退] id=5010: 分离未提升sim(降噪0.196), 用降噪音频
  [分离回退] id=5021: 分离未提升sim(降噪0.017), 用降噪音频
  [分离回退] id=5027: 分离未提升sim(降噪0.195), 用降噪音频
  [分离回退] id=5122: 分离未提升sim(降噪0.162), 用降噪音频
  [1838/1838] (100.0%) 已用 2356.9s

[Phase 2] Z-score 归一化 + 融合...
  阈值: -0.22 (Z-score)
  接受: 1245, 拒识: 593

[Phase 3] Fun-ASR-Nano ASR 识别...
  [10/1838] ASR已跑 10 条, 已用 2358.9s
  [21/1838] ASR已跑 20 条, 已用 2361.1s
  [32/1838] ASR已跑 30 条, 已用 2362.9s
  [42/1838] ASR已跑 40 条, 已用 2365.0s
  [43/1838] ASR已跑 40 条, 已用 2365.0s
  [54/1838] ASR已跑 50 条, 已用 2367.1s
  [64/1838] ASR已跑 60 条, 已用 2369.0s
  [74/1838] ASR已跑 70 条, 已用 2371.5s
  [84/1838] ASR已跑 80 条, 已用 2373.4s
  [94/1838] ASR已跑 90 条, 已用 2376.2s
  [105/1838] ASR已跑 100 条, 已用 2378.2s
  [115/1838] ASR已跑 110 条, 已用 2382.0s
  [126/1838] ASR已跑 120 条, 已用 2384.2s
  [136/1838] ASR已跑 130 条, 已用 2386.1s
  [147/1838] ASR已跑 140 条, 已用 2388.6s
  [157/1838] ASR已跑 150 条, 已用 2390.9s
  [167/1838] ASR已跑 160 条, 已用 2393.6s
  [177/1838] ASR已跑 170 条, 已用 2395.6s
  [187/1838] ASR已跑 180 条, 已用 2398.2s
  [197/1838] ASR已跑 190 条, 已用 2400.4s
  [207/1838] ASR已跑 200 条, 已用 2403.2s
  [217/1838] ASR已跑 210 条, 已用 2404.8s
  [227/1838] ASR已跑 220 条, 已用 2407.0s
  [237/1838] ASR已跑 230 条, 已用 2409.8s
  [248/1838] ASR已跑 240 条, 已用 2412.3s
  [258/1838] ASR已跑 250 条, 已用 2414.4s
  [268/1838] ASR已跑 260 条, 已用 2417.3s
  [278/1838] ASR已跑 270 条, 已用 2420.5s
  [288/1838] ASR已跑 280 条, 已用 2422.3s
  [300/1838] ASR已跑 290 条, 已用 2424.4s
  [310/1838] ASR已跑 300 条, 已用 2427.2s
  [322/1838] ASR已跑 310 条, 已用 2429.6s
  [332/1838] ASR已跑 320 条, 已用 2432.5s
  [342/1838] ASR已跑 330 条, 已用 2434.7s
  [352/1838] ASR已跑 340 条, 已用 2436.8s
  [362/1838] ASR已跑 350 条, 已用 2438.9s
  [373/1838] ASR已跑 360 条, 已用 2441.5s
  [385/1838] ASR已跑 370 条, 已用 2443.3s
  [396/1838] ASR已跑 380 条, 已用 2446.1s
  [411/1838] ASR已跑 390 条, 已用 2449.1s
  [422/1838] ASR已跑 400 条, 已用 2451.5s
  [434/1838] ASR已跑 410 条, 已用 2454.1s
  [446/1838] ASR已跑 420 条, 已用 2457.0s
  [458/1838] ASR已跑 430 条, 已用 2458.8s
  [470/1838] ASR已跑 440 条, 已用 2460.7s
  [481/1838] ASR已跑 450 条, 已用 2464.0s
  [491/1838] ASR已跑 460 条, 已用 2466.9s
  [502/1838] ASR已跑 470 条, 已用 2469.3s
  [516/1838] ASR已跑 480 条, 已用 2471.4s
  [529/1838] ASR已跑 490 条, 已用 2474.2s
  [540/1838] ASR已跑 500 条, 已用 2477.1s
  [550/1838] ASR已跑 510 条, 已用 2479.2s
  [561/1838] ASR已跑 520 条, 已用 2481.6s
  [573/1838] ASR已跑 530 条, 已用 2484.5s
  [585/1838] ASR已跑 540 条, 已用 2487.2s
  [596/1838] ASR已跑 550 条, 已用 2490.4s
  [608/1838] ASR已跑 560 条, 已用 2492.7s
  [620/1838] ASR已跑 570 条, 已用 2494.4s
  [631/1838] ASR已跑 580 条, 已用 2497.0s
  [632/1838] ASR已跑 580 条, 已用 2497.0s
  [643/1838] ASR已跑 590 条, 已用 2499.4s
  [654/1838] ASR已跑 600 条, 已用 2501.2s
  [666/1838] ASR已跑 610 条, 已用 2503.6s
  [678/1838] ASR已跑 620 条, 已用 2505.7s
  [688/1838] ASR已跑 630 条, 已用 2507.5s
  [702/1838] ASR已跑 640 条, 已用 2509.5s
  [714/1838] ASR已跑 650 条, 已用 2512.1s
  [715/1838] ASR已跑 650 条, 已用 2512.1s
  [726/1838] ASR已跑 660 条, 已用 2513.8s
  [736/1838] ASR已跑 670 条, 已用 2516.5s
  [750/1838] ASR已跑 680 条, 已用 2518.4s
  [761/1838] ASR已跑 690 条, 已用 2519.7s
  [773/1838] ASR已跑 700 条, 已用 2521.7s
  [785/1838] ASR已跑 710 条, 已用 2523.2s
  [799/1838] ASR已跑 720 条, 已用 2524.6s
  [800/1838] ASR已跑 720 条, 已用 2524.6s
  [810/1838] ASR已跑 730 条, 已用 2526.5s
  [811/1838] ASR已跑 730 条, 已用 2526.5s
  [823/1838] ASR已跑 740 条, 已用 2528.5s
  [833/1838] ASR已跑 750 条, 已用 2530.8s
  [845/1838] ASR已跑 760 条, 已用 2533.1s
  [855/1838] ASR已跑 770 条, 已用 2535.3s
  [856/1838] ASR已跑 770 条, 已用 2535.3s
  [867/1838] ASR已跑 780 条, 已用 2537.5s
  [877/1838] ASR已跑 790 条, 已用 2539.9s
  [887/1838] ASR已跑 800 条, 已用 2542.7s
  [897/1838] ASR已跑 810 条, 已用 2544.4s
  [909/1838] ASR已跑 820 条, 已用 2546.8s
  [920/1838] ASR已跑 830 条, 已用 2549.3s
  [933/1838] ASR已跑 840 条, 已用 2552.1s
  [945/1838] ASR已跑 850 条, 已用 2553.7s
  [955/1838] ASR已跑 860 条, 已用 2555.7s
  [969/1838] ASR已跑 870 条, 已用 2557.8s
  [979/1838] ASR已跑 880 条, 已用 2559.2s
  [991/1838] ASR已跑 890 条, 已用 2561.0s
  [1004/1838] ASR已跑 900 条, 已用 2563.3s
  [1016/1838] ASR已跑 910 条, 已用 2565.2s
  [1026/1838] ASR已跑 920 条, 已用 2568.2s
  [1036/1838] ASR已跑 930 条, 已用 2571.1s
  [1048/1838] ASR已跑 940 条, 已用 2573.5s
  [1059/1838] ASR已跑 950 条, 已用 2576.3s
  [1071/1838] ASR已跑 960 条, 已用 2578.5s
  [1083/1838] ASR已跑 970 条, 已用 2580.9s
  [1096/1838] ASR已跑 980 条, 已用 2583.1s
  [1106/1838] ASR已跑 990 条, 已用 2586.1s
  [1116/1838] ASR已跑 1000 条, 已用 2588.4s
  [1127/1838] ASR已跑 1010 条, 已用 2591.4s
  [1138/1838] ASR已跑 1020 条, 已用 2593.4s
  [1139/1838] ASR已跑 1020 条, 已用 2593.4s
  [1153/1838] ASR已跑 1030 条, 已用 2596.5s
  [1164/1838] ASR已跑 1040 条, 已用 2598.3s
  [1181/1838] ASR已跑 1050 条, 已用 2599.9s
  [1182/1838] ASR已跑 1050 条, 已用 2599.9s
  [1194/1838] ASR已跑 1060 条, 已用 2603.1s
  [1210/1838] ASR已跑 1070 条, 已用 2605.7s
  [1220/1838] ASR已跑 1080 条, 已用 2607.7s
  [1230/1838] ASR已跑 1090 条, 已用 2610.1s
  [1241/1838] ASR已跑 1100 条, 已用 2612.6s
  [1254/1838] ASR已跑 1110 条, 已用 2615.6s
  [1264/1838] ASR已跑 1120 条, 已用 2617.7s
  [1275/1838] ASR已跑 1130 条, 已用 2619.5s
  [1286/1838] ASR已跑 1140 条, 已用 2622.0s
  [1296/1838] ASR已跑 1150 条, 已用 2623.8s
  [1297/1838] ASR已跑 1150 条, 已用 2623.8s
  [1307/1838] ASR已跑 1160 条, 已用 2626.4s
  [1320/1838] ASR已跑 1170 条, 已用 2628.0s
  [1331/1838] ASR已跑 1180 条, 已用 2630.5s
  [1342/1838] ASR已跑 1190 条, 已用 2634.1s
  [1353/1838] ASR已跑 1200 条, 已用 2636.4s
  [1378/1838] ASR已跑 1210 条, 已用 2638.8s
  [1379/1838] ASR已跑 1210 条, 已用 2638.8s
  [1380/1838] ASR已跑 1210 条, 已用 2638.8s
  [1381/1838] ASR已跑 1210 条, 已用 2638.8s
  [1465/1838] ASR已跑 1220 条, 已用 2643.1s
  [1466/1838] ASR已跑 1220 条, 已用 2643.1s
  [1592/1838] ASR已跑 1230 条, 已用 2647.6s
  [1593/1838] ASR已跑 1230 条, 已用 2647.6s
  [1594/1838] ASR已跑 1230 条, 已用 2647.6s
  [1595/1838] ASR已跑 1230 条, 已用 2647.6s
  [1788/1838] ASR已跑 1240 条, 已用 2652.8s
  [1789/1838] ASR已跑 1240 条, 已用 2652.8s
  [1790/1838] ASR已跑 1240 条, 已用 2652.8s
  [1791/1838] ASR已跑 1240 条, 已用 2652.8s
  [1792/1838] ASR已跑 1240 条, 已用 2652.8s
  [1793/1838] ASR已跑 1240 条, 已用 2652.8s
  [1794/1838] ASR已跑 1240 条, 已用 2652.8s
  [1795/1838] ASR已跑 1240 条, 已用 2652.8s
  [1796/1838] ASR已跑 1240 条, 已用 2652.8s
  [1797/1838] ASR已跑 1240 条, 已用 2652.8s
  [1798/1838] ASR已跑 1240 条, 已用 2652.8s
  [1799/1838] ASR已跑 1240 条, 已用 2652.8s
  [1800/1838] ASR已跑 1240 条, 已用 2652.8s
  [1801/1838] ASR已跑 1240 条, 已用 2652.8s
  [1802/1838] ASR已跑 1240 条, 已用 2652.8s
  [1803/1838] ASR已跑 1240 条, 已用 2652.8s
  [1838/1838] ASR已跑 1245 条, 已用 2654.4s

============================================================
推理完成! 汇总结果:
============================================================
  正样本数: 1364
  负样本数: 474
  最终 CER: 0.3969
  拒识率 RR: 0.9219
  综合得分: 0.6100
  总推理时间: 2654.43s

结果已保存至: D:/pycode/V17.1/results/sv_aug/submission.json
记事本文件已保存至: D:/pycode/V17.1/results/sv_aug/submission.txt
  峰值内存: 8.64 GB | 当前内存: 4.04 GB
  内存信息已写入: D:/pycode/V17.1/results/sv_aug/submission.json
